// Jest Snapshot v1, https://goo.gl/fbAQLP

exports[`components/ControllerForm/ControllerSelectForm Primary smoke-test 1`] = `
<div class="MuiGrid-root MuiGrid-item MuiGrid-grid-xs-12 MuiGrid-grid-sm-6 css-13i4rnv-MuiGrid-root">
  <div class="MuiFormControl-root MuiFormControl-fullWidth css-q8hpuo-MuiFormControl-root">
    <label class="MuiFormLabel-root MuiInputLabel-root MuiInputLabel-formControl MuiInputLabel-animated MuiInputLabel-shrink MuiInputLabel-sizeMedium MuiInputLabel-standard MuiFormLabel-colorPrimary MuiFormLabel-filled MuiInputLabel-root MuiInputLabel-formControl MuiInputLabel-animated MuiInputLabel-shrink MuiInputLabel-sizeMedium MuiInputLabel-standard css-zx681a-MuiFormLabel-root-MuiInputLabel-root"
           data-shrink="true"
           id="name"
    >
      セレクト
    </label>
    <div class="MuiInputBase-root MuiInput-root MuiInput-underline MuiInputBase-colorPrimary MuiInputBase-formControl  css-5a3kbg-MuiInputBase-root-MuiInput-root-MuiSelect-root">
      <div tabindex="0"
           role="combobox"
           aria-controls=":r1:"
           aria-expanded="false"
           aria-haspopup="listbox"
           aria-labelledby="name mui-component-select-name"
           id="mui-component-select-name"
           class="MuiSelect-select MuiSelect-standard MuiInputBase-input MuiInput-input css-1rxz5jq-MuiSelect-select-MuiInputBase-input-MuiInput-input"
      >
        MW
      </div>
      <input aria-invalid="false"
             name="name"
             aria-hidden="true"
             tabindex="-1"
             class="MuiSelect-nativeInput css-yf8vq0-MuiSelect-nativeInput"
             value="MW"
      >
      <svg class="MuiSvgIcon-root MuiSvgIcon-fontSizeMedium MuiSelect-icon MuiSelect-iconStandard css-pqjvzy-MuiSvgIcon-root-MuiSelect-icon"
           focusable="false"
           aria-hidden="true"
           viewbox="0 0 24 24"
           data-testid="ArrowDropDownIcon"
      >
        <path d="M7 10l5 5 5-5z">
        </path>
      </svg>
    </div>
  </div>
</div>
`;
