// Jest Snapshot v1, https://goo.gl/fbAQLP

exports[`Example/NextUi Primary smoke-test 1`] = `
<div data-overlay-container="true">
  <button class="z-0 group relative inline-flex items-center justify-center box-border appearance-none select-none whitespace-nowrap font-normal subpixel-antialiased overflow-hidden tap-highlight-transparent outline-none data-[focus-visible=true]:z-10 data-[focus-visible=true]:outline-2 data-[focus-visible=true]:outline-focus data-[focus-visible=true]:outline-offset-2 px-unit-6 min-w-unit-24 h-unit-12 text-medium gap-unit-3 rounded-large [&amp;>svg]:max-w-[theme(spacing.unit-8)] data-[pressed=true]:scale-[0.97] transition-transform-colors-opacity motion-reduce:transition-none bg-primary text-primary-foreground data-[hover=true]:opacity-hover"
          type="button"
  >
    Button
  </button>
</div>
`;

exports[`Example/NextUi Secondary smoke-test 1`] = `
<div data-overlay-container="true">
  <button class="z-0 group relative inline-flex items-center justify-center box-border appearance-none select-none whitespace-nowrap font-normal subpixel-antialiased overflow-hidden tap-highlight-transparent outline-none data-[focus-visible=true]:z-10 data-[focus-visible=true]:outline-2 data-[focus-visible=true]:outline-focus data-[focus-visible=true]:outline-offset-2 px-unit-4 min-w-unit-20 h-unit-10 text-small gap-unit-2 rounded-medium opacity-disabled pointer-events-none [&amp;>svg]:max-w-[theme(spacing.unit-8)] data-[pressed=true]:scale-[0.97] transition-transform-colors-opacity motion-reduce:transition-none bg-secondary text-secondary-foreground data-[hover=true]:opacity-hover"
          data-disabled="true"
          data-loading="true"
          type="button"
          disabled
  >
    <div aria-label="Loading"
         class="relative inline-flex flex-col gap-2 items-center justify-center"
    >
      <div class="relative flex w-5 h-5">
        <i class="absolute w-full h-full rounded-full animate-spinner-ease-spin border-solid border-t-transparent border-l-transparent border-r-transparent border-2 border-b-current">
        </i>
        <i class="absolute w-full h-full rounded-full opacity-75 animate-spinner-linear-spin border-dotted border-t-transparent border-l-transparent border-r-transparent border-2 border-b-current">
        </i>
      </div>
    </div>
    Loading
  </button>
</div>
`;
